// Jest Snapshot v1, https://goo.gl/fbAQLP

exports[`LayoutProvider Field events deleteField should listen the fieldDeleted event and delete the field in the column to the pages 1`] = `
Array [
  Object {
    "rows": Array [
      Object {
        "columns": Array [
          Object {
            "fields": Array [
              Object {
                "label": "Radio",
                "type": "radio",
              },
            ],
            "size": 3,
          },
          Object {
            "fields": Array [],
            "size": 9,
          },
        ],
      },
      Object {
        "columns": Array [
          Object {
            "fields": Array [],
            "size": 4,
          },
          Object {
            "fields": Array [
              Object {
                "items": Array [
                  Object {
                    "name": "Foo",
                  },
                  Object {
                    "name": "Bar",
                  },
                ],
                "label": "Select",
                "required": true,
                "type": "select",
              },
            ],
            "size": 6,
          },
          Object {
            "fields": Array [],
            "size": 2,
          },
        ],
      },
      Object {
        "columns": Array [
          Object {
            "fields": Array [
              Object {
                "label": "Second row",
                "required": true,
                "type": "text",
              },
            ],
            "size": 12,
          },
        ],
      },
    ],
    "title": "Untitled name",
  },
]
`;

exports[`LayoutProvider Field events duplicateField should listen the duplicate field event and add this field in the pages 1`] = `
Array [
  Object {
    "rows": Array [
      Object {
        "columns": Array [
          Object {
            "fields": Array [
              Object {
                "label": "Radio",
                "type": "radio",
              },
            ],
            "size": 3,
          },
          Object {
            "fields": Array [],
            "size": 9,
          },
        ],
      },
      Object {
        "columns": Array [
          Object {
            "fields": Array [
              Object {
                "label": "copy-of-x",
                "name": NaN,
                "type": "radio",
              },
            ],
            "size": 12,
          },
        ],
      },
      Object {
        "columns": Array [
          Object {
            "fields": Array [
              Object {
                "label": "Text",
                "required": true,
                "type": "text",
              },
            ],
            "size": 4,
          },
          Object {
            "fields": Array [
              Object {
                "items": Array [
                  Object {
                    "name": "Foo",
                  },
                  Object {
                    "name": "Bar",
                  },
                ],
                "label": "Select",
                "required": true,
                "type": "select",
              },
            ],
            "size": 6,
          },
          Object {
            "fields": Array [],
            "size": 2,
          },
        ],
      },
      Object {
        "columns": Array [
          Object {
            "fields": Array [
              Object {
                "label": "Second row",
                "required": true,
                "type": "text",
              },
            ],
            "size": 12,
          },
        ],
      },
    ],
    "title": "Untitled name",
  },
]
`;

exports[`LayoutProvider Field events fieldAdded should listen the fieldAdded event and add the field in the column to the pages 1`] = `
Array [
  Object {
    "rows": Array [
      Object {
        "columns": Array [
          Object {
            "fields": Array [
              Object {
                "label": "Radio",
                "type": "radio",
              },
            ],
            "size": 3,
          },
          Object {
            "fields": Array [
              Object {
                "spritemap": "icons.svg",
                "type": "text",
              },
            ],
            "size": 9,
          },
        ],
      },
      Object {
        "columns": Array [
          Object {
            "fields": Array [
              Object {
                "label": "Text",
                "required": true,
                "type": "text",
              },
            ],
            "size": 4,
          },
          Object {
            "fields": Array [
              Object {
                "items": Array [
                  Object {
                    "name": "Foo",
                  },
                  Object {
                    "name": "Bar",
                  },
                ],
                "label": "Select",
                "required": true,
                "type": "select",
              },
            ],
            "size": 6,
          },
          Object {
            "fields": Array [],
            "size": 2,
          },
        ],
      },
      Object {
        "columns": Array [
          Object {
            "fields": Array [
              Object {
                "label": "Second row",
                "required": true,
                "type": "text",
              },
            ],
            "size": 12,
          },
        ],
      },
    ],
    "title": "Untitled name",
  },
]
`;

exports[`LayoutProvider Field events fieldAdded should listen the fieldAdded event and add the field in the row to the pages 1`] = `
Array [
  Object {
    "rows": Array [
      Object {
        "columns": Array [
          Object {
            "fields": Array [
              Object {
                "spritemap": "icons.svg",
                "type": "text",
              },
            ],
            "size": 12,
          },
        ],
      },
      Object {
        "columns": Array [
          Object {
            "fields": Array [
              Object {
                "label": "Radio",
                "type": "radio",
              },
            ],
            "size": 3,
          },
          Object {
            "fields": Array [],
            "size": 9,
          },
        ],
      },
      Object {
        "columns": Array [
          Object {
            "fields": Array [
              Object {
                "label": "Text",
                "required": true,
                "type": "text",
              },
            ],
            "size": 4,
          },
          Object {
            "fields": Array [
              Object {
                "items": Array [
                  Object {
                    "name": "Foo",
                  },
                  Object {
                    "name": "Bar",
                  },
                ],
                "label": "Select",
                "required": true,
                "type": "select",
              },
            ],
            "size": 6,
          },
          Object {
            "fields": Array [],
            "size": 2,
          },
        ],
      },
      Object {
        "columns": Array [
          Object {
            "fields": Array [
              Object {
                "label": "Second row",
                "required": true,
                "type": "text",
              },
            ],
            "size": 12,
          },
        ],
      },
    ],
    "title": "Untitled name",
  },
]
`;

exports[`LayoutProvider Field events fieldEdited should listen the fieldEdited event and edit the field to the pages 1`] = `
Array [
  Object {
    "rows": Array [
      Object {
        "columns": Array [
          Object {
            "fields": Array [
              Object {
                "label": "Radio",
                "type": "radio",
              },
            ],
            "size": 3,
          },
          Object {
            "fields": Array [],
            "size": 9,
          },
        ],
      },
      Object {
        "columns": Array [
          Object {
            "fields": Array [
              Object {
                "label": "Foo",
                "required": true,
                "type": "text",
              },
            ],
            "size": 4,
          },
          Object {
            "fields": Array [
              Object {
                "items": Array [
                  Object {
                    "name": "Foo",
                  },
                  Object {
                    "name": "Bar",
                  },
                ],
                "label": "Select",
                "required": true,
                "type": "select",
              },
            ],
            "size": 6,
          },
          Object {
            "fields": Array [],
            "size": 2,
          },
        ],
      },
      Object {
        "columns": Array [
          Object {
            "fields": Array [
              Object {
                "label": "Second row",
                "required": true,
                "type": "text",
              },
            ],
            "size": 12,
          },
        ],
      },
    ],
    "title": "Untitled name",
  },
]
`;

exports[`LayoutProvider Field events fieldMoved should listen to the fieldMoved event and move the field to the column in pages 1`] = `
Array [
  Object {
    "rows": Array [
      Object {
        "columns": Array [
          Object {
            "fields": Array [
              Object {
                "label": "Radio",
                "type": "radio",
              },
            ],
            "size": 3,
          },
          Object {
            "fields": Array [
              Object {
                "items": Array [
                  Object {
                    "name": "Foo",
                  },
                  Object {
                    "name": "Bar",
                  },
                ],
                "label": "Select",
                "required": true,
                "type": "select",
              },
            ],
            "size": 9,
          },
        ],
      },
      Object {
        "columns": Array [
          Object {
            "fields": Array [
              Object {
                "label": "Text",
                "required": true,
                "type": "text",
              },
            ],
            "size": 4,
          },
          Object {
            "fields": Array [],
            "size": 6,
          },
          Object {
            "fields": Array [],
            "size": 2,
          },
        ],
      },
      Object {
        "columns": Array [
          Object {
            "fields": Array [
              Object {
                "label": "Second row",
                "required": true,
                "type": "text",
              },
            ],
            "size": 12,
          },
        ],
      },
    ],
    "title": "Untitled name",
  },
]
`;

exports[`LayoutProvider Field events fieldMoved should listen to the fieldMoved event and move the field to the row in pages 1`] = `
Array [
  Object {
    "rows": Array [
      Object {
        "columns": Array [
          Object {
            "fields": Array [
              Object {
                "label": "Text",
                "required": true,
                "type": "text",
              },
            ],
            "size": 12,
          },
        ],
      },
      Object {
        "columns": Array [
          Object {
            "fields": Array [
              Object {
                "label": "Radio",
                "type": "radio",
              },
            ],
            "size": 3,
          },
          Object {
            "fields": Array [],
            "size": 9,
          },
        ],
      },
      Object {
        "columns": Array [
          Object {
            "fields": Array [],
            "size": 4,
          },
          Object {
            "fields": Array [
              Object {
                "items": Array [
                  Object {
                    "name": "Foo",
                  },
                  Object {
                    "name": "Bar",
                  },
                ],
                "label": "Select",
                "required": true,
                "type": "select",
              },
            ],
            "size": 6,
          },
          Object {
            "fields": Array [],
            "size": 2,
          },
        ],
      },
      Object {
        "columns": Array [
          Object {
            "fields": Array [
              Object {
                "label": "Second row",
                "required": true,
                "type": "text",
              },
            ],
            "size": 12,
          },
        ],
      },
    ],
    "title": "Untitled name",
  },
]
`;

exports[`LayoutProvider Field events fieldMoved should listen to the pagesUpdated event 1`] = `
Array [
  Object {
    "rows": Array [
      Object {
        "columns": Array [
          Object {
            "fields": Array [
              Object {
                "label": "Radio",
                "type": "radio",
              },
            ],
            "size": 3,
          },
          Object {
            "fields": Array [],
            "size": 9,
          },
        ],
      },
      Object {
        "columns": Array [
          Object {
            "fields": Array [
              Object {
                "label": "Text",
                "required": true,
                "type": "text",
              },
            ],
            "size": 4,
          },
          Object {
            "fields": Array [
              Object {
                "items": Array [
                  Object {
                    "name": "Foo",
                  },
                  Object {
                    "name": "Bar",
                  },
                ],
                "label": "Select",
                "required": true,
                "type": "select",
              },
            ],
            "size": 6,
          },
          Object {
            "fields": Array [],
            "size": 2,
          },
        ],
      },
      Object {
        "columns": Array [
          Object {
            "fields": Array [
              Object {
                "label": "Second row",
                "required": true,
                "type": "text",
              },
            ],
            "size": 12,
          },
        ],
      },
    ],
    "title": "Untitled name",
  },
]
`;

exports[`LayoutProvider Field events fieldMoved should move the field to the column in pages and remove the row if there are no fields 1`] = `
Array [
  Object {
    "rows": Array [
      Object {
        "columns": Array [
          Object {
            "fields": Array [
              Object {
                "label": "Radio",
                "type": "radio",
              },
            ],
            "size": 3,
          },
          Object {
            "fields": Array [
              Object {
                "label": "Second row",
                "required": true,
                "type": "text",
              },
            ],
            "size": 9,
          },
        ],
      },
      Object {
        "columns": Array [
          Object {
            "fields": Array [
              Object {
                "label": "Text",
                "required": true,
                "type": "text",
              },
            ],
            "size": 4,
          },
          Object {
            "fields": Array [
              Object {
                "items": Array [
                  Object {
                    "name": "Foo",
                  },
                  Object {
                    "name": "Bar",
                  },
                ],
                "label": "Select",
                "required": true,
                "type": "select",
              },
            ],
            "size": 6,
          },
          Object {
            "fields": Array [],
            "size": 2,
          },
        ],
      },
    ],
    "title": "Untitled name",
  },
]
`;

exports[`LayoutProvider Field events fieldMoved should move the field to the row in pages and remove the row if there are no fields 1`] = `
Array [
  Object {
    "rows": Array [
      Object {
        "columns": Array [
          Object {
            "fields": Array [
              Object {
                "label": "Radio",
                "type": "radio",
              },
            ],
            "size": 12,
          },
        ],
      },
      Object {
        "columns": Array [
          Object {
            "fields": Array [
              Object {
                "label": "Text",
                "required": true,
                "type": "text",
              },
            ],
            "size": 4,
          },
          Object {
            "fields": Array [
              Object {
                "items": Array [
                  Object {
                    "name": "Foo",
                  },
                  Object {
                    "name": "Bar",
                  },
                ],
                "label": "Select",
                "required": true,
                "type": "select",
              },
            ],
            "size": 6,
          },
          Object {
            "fields": Array [],
            "size": 2,
          },
        ],
      },
      Object {
        "columns": Array [
          Object {
            "fields": Array [
              Object {
                "label": "Second row",
                "required": true,
                "type": "text",
              },
            ],
            "size": 12,
          },
        ],
      },
    ],
    "title": "Untitled name",
  },
]
`;
